{"slug":"fdisk","title":"fdisk","description":"查看磁盘使用情况和磁盘分区","sourcePath":"data/linux-command/command/fdisk.md","markdown":"fdisk\r\n===\r\n\r\n查看磁盘使用情况和磁盘分区\r\n\r\n## 补充说明\r\n\r\n**fdisk命令** 用于观察硬盘实体使用情况，也可对硬盘分区。它采用传统的问答式界面，而非类似DOS fdisk的cfdisk互动式操作界面，因此在使用上较为不便，但功能却丝毫不打折扣。\r\n\r\n###  语法 \r\n\r\n```shell\r\nfdisk [选项] <磁盘>           更改分区表\r\nfdisk [选项] -l [<磁盘>...]   列出分区表\r\n```\r\n\r\n###  选项 \r\n\r\n```shell\r\n\r\n选项：\r\n -b, --sectors-size <大小>     显示扇区计数和大小\r\n -B, --protect-boot            创建新标签时不要擦除 bootbits\r\n -c, --compatibility[=<模式>]  模式，为“dos”或“nondos”(默认)\r\n -L, --color[=<时机>]          彩色输出（auto, always 或 never）默认启用颜色\r\n -l, --list                    显示分区并退出\r\n -x, --list-details            类似 --list 但提供更多细节\r\n -n, --noauto-pt               不要在空设备上创建默认分区表\r\n -o, --output <列表>           输出列\r\n -t, --type <类型>             只识别指定的分区表类型\r\n -u, --units[=<单位>]          显示单位，“cylinders”柱面或“sectors”扇区(默认)\r\n -s, --getsz                   以 512-字节扇区显示设备大小[已废弃]\r\n      -b, --bytes                   以字节为单位而非易读的格式来打印 SIZE\r\n      --lock[=<模式>]           使用独占设备锁（yes、no 或 nonblock）\r\n -w, --wipe <模式>             擦除签名（auto, always 或 never）\r\n -W, --wipe-partitions <模式>  擦除新分区的签名(auto, always 或 never)\r\n\r\n -C, --cylinders <数字>        指定柱面数\r\n -H, --heads <数字>            指定磁头数\r\n -S, --sectors <数字>          指定每条磁道的扇区数\r\n\r\n -h, --help                    显示此帮助\r\n -V, --version                 显示版本\r\n```\r\n\r\n###  参数 \r\n\r\n设备文件：指定要进行分区或者显示分区的硬盘设备文件。\r\n\r\n###  实例 \r\n\r\n首先选择要进行操作的磁盘：\r\n\r\n```shell\r\n[root@localhost ~]# fdisk /dev/sdb\r\n```\r\n\r\n输入`m`列出可以执行的命令：\r\n\r\n```shell\r\ncommand (m for help): m\r\nCommand action\r\n   a   toggle a bootable flag\r\n   b   edit bsd disklabel\r\n   c   toggle the dos compatibility flag\r\n   d   delete a partition\r\n   l   list known partition types\r\n   m   print this menu\r\n   n   add a new partition\r\n   o   create a new empty DOS partition table\r\n   p   print the partition table\r\n   q   quit without saving changes\r\n   s   create a new empty Sun disklabel\r\n   t   change a partition's system id\r\n   u   change display/entry units\r\n   v   verify the partition table\r\n   w   write table to disk and exit\r\n   x   extra functionality (experts only)\r\n```\r\n\r\n输入`p`列出磁盘目前的分区情况：\r\n\r\n```shell\r\nCommand (m for help): p\r\n\r\nDisk /dev/sdb: 3221 MB, 3221225472 bytes\r\n255 heads, 63 sectors/track, 391 cylinders\r\nUnits = cylinders of 16065 * 512 = 8225280 bytes\r\n\r\n   Device Boot      Start         End      Blocks   Id  System\r\n/dev/sdb1               1           1        8001   8e  Linux LVM\r\n/dev/sdb2               2          26      200812+  83  Linux\r\n```\r\n\r\n输入`d`然后选择分区，删除现有分区：\r\n\r\n```shell\r\nCommand (m for help): d\r\nPartition number (1-4): 1\r\n\r\nCommand (m for help): d\r\nSelected partition 2\r\n```\r\n\r\n查看分区情况，确认分区已经删除：\r\n\r\n```shell\r\nCommand (m for help): print\r\n\r\nDisk /dev/sdb: 3221 MB, 3221225472 bytes\r\n255 heads, 63 sectors/track, 391 cylinders\r\nUnits = cylinders of 16065 * 512 = 8225280 bytes\r\n\r\n   Device Boot      Start         End      Blocks   Id  System\r\n\r\nCommand (m for help):\r\n```\r\n\r\n输入`n`建立新的磁盘分区，首先建立两个主磁盘分区：\r\n\r\n```shell\r\nCommand (m for help): n\r\nCommand action\r\n   e   extended\r\n   p   primary partition (1-4)\r\np    //建立主分区\r\nPartition number (1-4): 1  //分区号\r\nFirst cylinder (1-391, default 1):  //分区起始位置\r\nUsing default value 1\r\nlast cylinder or +size or +sizeM or +sizeK (1-391, default 391): 100  //分区结束位置，单位为扇区\r\n\r\nCommand (m for help): n  //再建立一个分区\r\nCommand action\r\n   e   extended\r\n   p   primary partition (1-4)\r\np \r\nPartition number (1-4): 2  //分区号为2\r\nFirst cylinder (101-391, default 101):\r\nUsing default value 101\r\nLast cylinder or +size or +sizeM or +sizeK (101-391, default 391): +200M  //分区结束位置，单位为M\r\n```\r\n\r\n确认分区建立成功：\r\n\r\n```shell\r\nCommand (m for help): p\r\n\r\nDisk /dev/sdb: 3221 MB, 3221225472 bytes\r\n255 heads, 63 sectors/track, 391 cylinders\r\nUnits = cylinders of 16065 * 512 = 8225280 bytes\r\n\r\n   Device Boot      Start         End      Blocks   Id  System\r\n/dev/sdb1               1         100      803218+  83  Linux\r\n/dev/sdb2             101         125      200812+  83  Linux\r\n```\r\n\r\n再建立一个逻辑分区：\r\n\r\n```shell\r\nCommand (m for help): n\r\nCommand action\r\n   e   extended\r\n   p   primary partition (1-4)\r\ne  //选择扩展分区\r\nPartition number (1-4): 3\r\nFirst cylinder (126-391, default 126):\r\nUsing default value 126\r\nLast cylinder or +size or +sizeM or +sizeK (126-391, default 391):\r\nUsing default value 391\r\n```\r\n\r\n确认扩展分区建立成功：\r\n\r\n```shell\r\nCommand (m for help): p\r\n\r\nDisk /dev/sdb: 3221 MB, 3221225472 bytes\r\n255 heads, 63 sectors/track, 391 cylinders\r\nUnits = cylinders of 16065 * 512 = 8225280 bytes\r\n\r\n   Device Boot      Start         End      Blocks   Id  System\r\n/dev/sdb1               1         100      803218+  83  Linux\r\n/dev/sdb2             101         125      200812+  83  Linux\r\n/dev/sdb3             126         391     2136645    5  Extended\r\n```\r\n\r\n在扩展分区上建立两个逻辑分区：\r\n\r\n```shell\r\nCommand (m for help): n\r\nCommand action\r\n   l   logical (5 or over)\r\n   p   primary partition (1-4)\r\nl //选择逻辑分区\r\nFirst cylinder (126-391, default 126):\r\nUsing default value 126\r\nLast cylinder or +size or +sizeM or +sizeK (126-391, default 391): +400M    \r\n\r\nCommand (m for help): n\r\nCommand action\r\n   l   logical (5 or over)\r\n   p   primary partition (1-4)\r\nl\r\nFirst cylinder (176-391, default 176):\r\nUsing default value 176\r\nLast cylinder or +size or +sizeM or +sizeK (176-391, default 391):\r\nUsing default value 391\r\n```\r\n\r\n确认逻辑分区建立成功：\r\n\r\n```shell\r\nCommand (m for help): p\r\n\r\nDisk /dev/sdb: 3221 MB, 3221225472 bytes\r\n255 heads, 63 sectors/track, 391 cylinders\r\nUnits = cylinders of 16065 * 512 = 8225280 bytes\r\n\r\n   Device Boot      Start         End      Blocks   Id  System\r\n/dev/sdb1               1         100      803218+  83  Linux\r\n/dev/sdb2             101         125      200812+  83  Linux\r\n/dev/sdb3             126         391     2136645    5  Extended\r\n/dev/sdb5             126         175      401593+  83  Linux\r\n/dev/sdb6             176         391     1734988+  83  Linux\r\n\r\nCommand (m for help):\r\n```\r\n\r\n从上面的结果我们可以看到，在硬盘sdb我们建立了2个主分区（sdb1，sdb2），1个扩展分区（sdb3），2个逻辑分区（sdb5，sdb6）\r\n\r\n注意：主分区和扩展分区的磁盘号位1-4，也就是说最多有4个主分区或者扩展分区，逻辑分区开始的磁盘号为5，因此在这个实验中试没有sdb4的。\r\n\r\n最后对分区操作进行保存：\r\n\r\n```shell\r\nCommand (m for help): w\r\nThe partition table has been altered!\r\n\r\nCalling ioctl() to re-read partition table.\r\nSyncing disks.\r\n```\r\n\r\n建立好分区之后我们还需要对分区进行格式化才能在系统中使用磁盘。\r\n\r\n在sdb1上建立ext2分区：\r\n\r\n```shell\r\n[root@localhost ~]# mkfs.ext2 /dev/sdb1\r\nmke2fs 1.39 (29-May-2006)\r\nFilesystem label=\r\nOS type: Linux\r\nBlock size=4096 (log=2)\r\nFragment size=4096 (log=2)\r\n100576 inodes, 200804 blocks\r\n10040 blocks (5.00%) reserved for the super user\r\nFirst data block=0\r\nMaximum filesystem blocks=209715200\r\n7 block groups\r\n32768 blocks per group, 32768 fragments per group\r\n14368 inodes per group\r\nSuperblock backups stored on blocks:\r\n        32768, 98304, 163840\r\n\r\nWriting inode tables: done                           \r\nWriting superblocks and filesystem accounting information: done\r\n\r\nThis filesystem will be automatically checked every 32 mounts or\r\n180 days, whichever comes first.  Use tune2fs -c or -i to override.\r\n```\r\n\r\n在sdb6上建立ext3分区：\r\n\r\n```shell\r\n[root@localhost ~]# mkfs.ext3 /dev/sdb6\r\nmke2fs 1.39 (29-May-2006)\r\nFilesystem label=\r\nOS type: Linux\r\nBlock size=4096 (log=2)\r\nFragment size=4096 (log=2)\r\n217280 inodes, 433747 blocks\r\n21687 blocks (5.00%) reserved for the super user\r\nFirst data block=0\r\nMaximum filesystem blocks=444596224\r\n14 block groups\r\n32768 blocks per group, 32768 fragments per group\r\n15520 inodes per group\r\nSuperblock backups stored on blocks:\r\n        32768, 98304, 163840, 229376, 294912\r\n\r\nWriting inode tables: done                           \r\nCreating journal (8192 blocks): done\r\nWriting superblocks and filesystem accounting information: done\r\n\r\nThis filesystem will be automatically checked every 32 mounts or\r\n180 days, whichever comes first.  Use tune2fs -c or -i to override.\r\n[root@localhost ~]#\r\n```\r\n\r\n建立两个目录`/oracle`和`/web`，将新建好的两个分区挂载到系统：\r\n\r\n```shell\r\n[root@localhost ~]# mkdir /oracle\r\n[root@localhost ~]# mkdir /web\r\n[root@localhost ~]# mount /dev/sdb1 /oracle\r\n[root@localhost ~]# mount /dev/sdb6 /web\r\n```\r\n\r\n查看分区挂载情况：\r\n\r\n```shell\r\n[root@localhost ~]# df -h\r\n文件系统              容量  已用 可用 已用% 挂载点\r\n/dev/mapper/VolGroup00-LogVol00\r\n                      6.7G  2.8G  3.6G  44% /\r\n/dev/sda1              99M   12M   82M  13% /boot\r\ntmpfs                 125M     0  125M   0% /dev/shm\r\n/dev/sdb1             773M  808K  733M   1% /oracle\r\n/dev/sdb6             1.7G   35M  1.6G   3% /web\r\n```\r\n\r\n如果需要每次开机自动挂载则需要修改`/etc/fstab`文件，加入两行配置：\r\n\r\n```shell\r\n[root@localhost ~]# vim /etc/fstab\r\n\r\n/dev/VolGroup00/LogVol00 /                       ext3    defaults        1 1\r\nLABEL=/boot             /boot                   ext3    defaults        1 2\r\ntmpfs                   /dev/shm                tmpfs   defaults        0 0\r\ndevpts                  /dev/pts                devpts  gid=5,mode=620  0 0\r\nsysfs                   /sys                    sysfs   defaults        0 0\r\nproc                    /proc                   proc    defaults        0 0\r\n/dev/VolGroup00/LogVol01 swap                    swap    defaults        0 0\r\n/dev/sdb1               /oracle                 ext2    defaults        0 0\r\n/dev/sdb6               /web                    ext3    defaults        0 0\r\n```\r\n\r\n\r\n\r\n"}