{"slug":"parted","title":"parted","description":"磁盘分区和分区大小调整工具","sourcePath":"data/linux-command/command/parted.md","markdown":"parted\r\n===\r\n\r\n磁盘分区和分区大小调整工具\r\n\r\n## 补充说明\r\n\r\n**parted命令** 是由GNU组织开发的一款功能强大的磁盘分区和分区大小调整工具，与fdisk不同，它支持调整分区的大小。作为一种设计用于Linux的工具，它没有构建成处理与fdisk关联的多种分区类型，但是，它可以处理最常见的分区格式，包括：ext2、ext3、fat16、fat32、NTFS、ReiserFS、JFS、XFS、UFS、HFS以及Linux交换分区。\r\n\r\n###  语法\r\n\r\n```shell\r\nparted(选项)(参数)\r\n```\r\n\r\n###  选项\r\n\r\n```shell\r\n-h：显示帮助信息；\r\n-i：交互式模式；\r\n-s：脚本模式，不提示用户；\r\n-v：显示版本号。\r\n```\r\n\r\n###  参数\r\n\r\n*   设备：指定要分区的硬盘所对应的设备文件；\r\n*   命令：要执行的parted命令。\r\n\r\n###  实例\r\n\r\n从串行技术出现以来，越来越多用户选择使用大容量的SATA硬盘创建磁盘阵列；特别是MD1000/MD3000，很轻易就突破2T的LUN，故在此给大家一些指引。\r\n\r\n红帽企业 Linux 4 Update 4供对大于 2 terabytes（TB）的磁盘设备的支持。\r\n\r\n请参考以下操作步骤：\r\n\r\n注：\r\n\r\n*   绿色代表你需要使用的命令。\r\n*   红色代表你需要注意到的输出信息，在后续需要使用。\r\n\r\n```shell\r\n[root@localhost ~]# fdisk -l\r\nDisk /dev/sda: 35.8 GB, 35862976512 bytes\r\n255 heads, 63 sectors/track, 4360 cylinders\r\nUnits = cylinders of 16065 * 512 = 8225280 bytes\r\n   Device Boot      Start         End      Blocks   id  System\r\n/dev/sda1   *           1          13      104391   83  Linux\r\n/dev/sda2              14         144     1052257+  82  Linux swap\r\n/dev/sda3             145        4360    33865020   83  Linux\r\nDisk /dev/sdb: 2147 MB, 2147483648 bytes\r\n255 heads, 63 sectors/track, 261 cylinders\r\nUnits = cylinders of 16065 * 512 = 8225280 bytes\r\nDisk /dev/sdb doesn't contain a valid partition table\r\n```\r\n\r\n```shell\r\n[root@localhost ~]# parted /dev/sdb\r\nGNU Parted Copyright (C) 1998 - 2004 free Software Foundation, Inc.\r\nThis program is free software, covered by the GNU General Public License.\r\nThis program is distributed in the hope that it will be useful, but WITHOUT ANY\r\nWARRANTY; without even the implied warranty of MERCHANTABILITY or FITNESS FOR A\r\nPARTICULAR PURPOSE.  See the GNU General Public License for more details.\r\n使用/dev/sdb\r\n(parted)mklabel gpt\r\n(parted)print\r\n/dev/sdb的磁盘几何结构：0.000-2048.000兆字节\r\n磁盘标签类型：gpt\r\nMinor   起始点       终止点 文件系统   名称                 标志\r\n(parted)mkpart primary 0 2048  <-----上面print显示的数字\r\n(parted)print\r\n/dev/sdb的磁盘几何结构：0.000-2048.000兆字节\r\n磁盘标签类型：gpt\r\nMinor   起始点       终止点 文件系统   名称                 标志\r\n1          0.017   2047.983\r\n(parted)quit\r\n```\r\n\r\n如果必要，不要忘记更新`/etc/fstab`。\r\n\r\n```shell\r\n[root@localhost ~]# fdisk -l\r\nDisk /dev/sda: 35.8 GB, 35862976512 bytes\r\n255 heads, 63 sectors/track, 4360 cylinders\r\nUnits = cylinders of 16065 * 512 = 8225280 bytes\r\n   Device Boot      Start         End      Blocks   Id  System\r\n/dev/sda1   *           1          13      104391   83  Linux\r\n/dev/sda2              14         144     1052257+  82  Linux swap\r\n/dev/sda3             145        4360    33865020   83  Linux\r\nWARNING: GPT (GUID Partition Table) detected on '/dev/sdb'! The util fdisk doesn't support GPT. Use GNU Parted.\r\n\r\nDisk /dev/sdb: 2147 MB, 2147483648 bytes\r\n255 heads, 63 sectors/track, 261 cylinders\r\nUnits = cylinders of 16065 * 512 = 8225280 bytes\r\n   Device Boot      Start         End      Blocks   Id  System\r\n/dev/sdb1               1         262     2097151+  ee  EFI GPT\r\nPartition 1 has different physical/logical beginnings (non-Linux?):\r\n     phys=(0, 0, 1) logical=(0,0, 2)\r\nPartition 1 has different physical/logical endings:\r\n     phys=(1023, 254, 63) logical=(261, 21, 16)\r\n```\r\n\r\n```shell\r\n[root@localhost ~]# mkfs.ext3 /dev/sdb1\r\nmke2fs 1.35 (28-Feb-2004)\r\nFilesystem label=\r\nOS type: Linux\r\nBlock size=4096 (log=2)\r\nFragment size=4096 (log=2)\r\n262144 inodes, 524279 blocks\r\n26213 blocks (5.00%) reserved for the super user\r\nFirst data block=0\r\nMaximum filesystem blocks=536870912\r\n16 block groups\r\n32768 blocks per group, 32768 fragments per group\r\n16384 inodes per group\r\nSuperblock backups stored on blocks:\r\n        32768, 98304, 163840, 229376, 294912\r\nWriting inode tables: done\r\nCreating journal (8192 blocks): done\r\nWriting superblocks and filesystem accounting information: done\r\nThis filesystem will be automatically checked every 28 mounts or\r\n180 days, whichever comes first.  Use tune2fs -c or -i to override.\r\n```\r\n\r\n```shell\r\n[root@localhost ~]# mount /dev/sdb1 /mnt\r\n[root@localhost ~]# df -h\r\nFilesystem            容量  已用 可用 已用% 挂载点\r\n/dev/sda3              <?xml:namespace prefix = st1 />32G  2.6G   28G   9% /\r\n/dev/sda1              99M   12M   82M  13% /boot\r\nnone                  252M     0  252M   0% /dev/shm\r\n/dev/sdb1             2.0G   36M  1.9G   2% /mnt\r\n```\r\n\r\n\r\n"}