{"slug":"partprobe","title":"partprobe","description":"不重启的情况下重读分区","sourcePath":"data/linux-command/command/partprobe.md","markdown":"partprobe\r\n===\r\n\r\n不重启的情况下重读分区\r\n\r\n## 补充说明\r\n\r\n**partprobe命令** 用于重读分区表，当出现删除文件后，出现仍然占用空间。可以partprobe在不重启的情况下重读分区。\r\n\r\n###  语法\r\n\r\n```shell\r\npartprobe(选项)(参数)\r\n```\r\n\r\n###  选项\r\n\r\n```shell\r\n-d：不更新内核；\r\n-s：显示摘要和分区；\r\n-h：显示帮助信息；\r\n-v：显示版本信息。\r\n```\r\n\r\n###  参数\r\n\r\n设备：指定需要确认分区表改变的硬盘对应的设备文件。\r\n\r\n###  实例\r\n\r\n使用partprobe不重启系统添加新的磁盘分区，主机自带硬盘超过300GB，目前只划分使用了3个主分区，不到70GB，如下：\r\n\r\n```shell\r\n[root@localhost ~]# df -h \r\nFilesystem Size Used Avail Use% Mounted on \r\n/dev/sda1 29G 3.7G  24G 14% / \r\n/dev/sda2 29G  22G 5.2G 81% /oracle \r\ntmpfs    2.0G    0 2.0G  0% /dev/shm\r\n```\r\n\r\n```shell\r\n[root@localhost ~]# cat /proc/partitions\r\nmajor minor  #blocks  name\r\n\r\n   8     0  311427072 sda\r\n   8     1   30716248 sda1\r\n   8     2   30716280 sda2\r\n   8     3    8193150 sda3\r\n   8    16     976896 sdb\r\n   8    32     976896 sdc\r\n\r\n…省略其他\r\n```\r\n\r\n现在需要给系统添加1个100GB的空间存放数据文件，而又不影响现有系统上业务的运行，使用fdisk结合partprobe命令不重启系统添加一块新的磁盘分区。操作步骤如下：\r\n\r\n **第1步 添加新的磁盘分区** ：\r\n\r\n```shell\r\n[root@localhost ~]# fdisk /dev/sda\r\nThe number of cylinders for this disk is set to 38770.\r\nThere is nothing wrong with that, but this is larger than 1024,\r\nand could in certain setups cause problems with:\r\n1) software that runs at boot time (e.g., old versions of lilo)\r\n2) booting and partitioning software from other OSs\r\n   (e.g., DOS FDISK, OS/2 FDISK)\r\n\r\ncommand (m for help): p\r\n\r\nDisk /dev/sda: 318.9 GB, 318901321728 bytes\r\n255 heads, 63 sectors/track, 38770 cylinders\r\nUnits = cylinders of 16065 * 512 = 8225280 bytes\r\n\r\n   Device Boot      Start         End      Blocks   id  System\r\n/dev/sda1   *           1        3824    30716248+  83  Linux\r\n/dev/sda2            3825        7648    30716280   83  Linux\r\n/dev/sda3            7649        8668     8193150   82  Linux swap / Solaris\r\n\r\nCommand (m for help): n\r\nCommand action\r\n   e   extended\r\n   p   primary partition (1-4)\r\np\r\nSelected partition 4\r\nFirst cylinder (8669-38770, default 8669):\r\nUsing default value 8669\r\nlast cylinder or +size or +sizeM or +sizeK (8669-38770, default 38770): +100G   \r\nCommand (m for help): w\r\nThe partition table has been altered!\r\n\r\nCalling ioctl() to re-read partition table.\r\n\r\nWARNING: Re-reading the partition table failed with error 16: \r\n\r\nDevice or resource busy.\r\nThe kernel still uses the old table.\r\nThe new table will be used at the next reboot.\r\nSyncing disks.\r\n```\r\n\r\n **第2步 使用工具partprobe让kernel读取分区信息：** \r\n\r\n```shell\r\n[root@localhost ~]# partprobe\r\n```\r\n\r\n使用fdisk工具只是将分区信息写到磁盘，如果需要mkfs磁盘分区则需要重启系统，而使用partprobe则可以使kernel重新读取分区信息，从而避免重启系统。\r\n\r\n **第3步 格式化文件系统：** \r\n\r\n```shell\r\n[root@localhost ~]# mkfs.ext3 /dev/sda4\r\nmke2fs 1.39 (29-May-2006)\r\nFilesystem label=\r\nOS type: Linux\r\nBlock size=4096 (log=2)\r\nFragment size=4096 (log=2)\r\n12222464 inodes, 24416791 blocks\r\n1220839 blocks (5.00%) reserved for the super user\r\nFirst data block=0\r\nMaximum filesystem blocks=4294967296\r\n746 block groups\r\n32768 blocks per group, 32768 fragments per group\r\n16384 inodes per group\r\nSuperblock backups stored on blocks:\r\n        32768, 98304, 163840, 229376, 294912, 819200, 884736, 1605632, \r\n　　　　2654208, 4096000, 7962624, 11239424, 20480000, 23887872\r\n\r\nWriting inode tables: done\r\nCreating journal (32768 blocks): done\r\nWriting superblocks and filesystem accounting information:\r\n\r\ndone\r\n\r\nThis filesystem will be automatically checked every 26 mounts or\r\n180 days, whichever comes first.  Use tune2fs -c or -i to override.\r\n[root@localhost ~]#\r\n```\r\n\r\n **第4步 mount新的分区`/dev/sda4`：** \r\n\r\n```shell\r\n[root@localhost ~]# e2label  /dev/sda4 /data\r\n[root@localhost ~]# mkdir /data\r\n[root@localhost ~]# mount /dev/sda4 /data\r\n[root@localhost ~]# df\r\nFilesystem           1K-blocks      Used Available Use% Mounted on\r\n/dev/sda1             29753556   3810844  24406900  14% /\r\n/dev/sda2             29753588  11304616  16913160  41% /oracle\r\ntmpfs                  2023936         0   2023936   0% /dev/shm\r\n/dev/sda4             96132968    192312  91057300   1% /data\r\n```\r\n\r\n使用partprobe可以不用重启系统即可配合fdisk工具创建新的分区。\r\n\r\n\r\n"}