{"slug":"pvcreate","title":"pvcreate","description":"将物理硬盘分区初始化为物理卷","sourcePath":"data/linux-command/command/pvcreate.md","markdown":"pvcreate\r\n===\r\n\r\n将物理硬盘分区初始化为物理卷\r\n\r\n## 补充说明\r\n\r\n**pvcreate命令** 用于将物理硬盘分区初始化为物理卷，以便LVM使用。\r\n\r\n###  语法\r\n\r\n```shell\r\npvcreate(选项)(参数)\r\n```\r\n\r\n###  选项\r\n\r\n```shell\r\n-f：强制创建物理卷，不需要用户确认；\r\n-u：指定设备的UUID；\r\n-y：所有的问题都回答“yes”；\r\n-Z：是否利用前4个扇区。\r\n```\r\n\r\n###  参数\r\n\r\n物理卷：指定要创建的物理卷对应的设备文件名。\r\n\r\n###  实例\r\n\r\n查看磁盘信息：\r\n\r\n```shell\r\n[root@localhost ~]# fdisk -l\r\nDisk /dev/hda: 41.1 GB, 41174138880 bytes\r\n255 heads, 63 sectors/track, 5005 cylinders\r\nUnits = cylinders of 16065 * 512 = 8225280 bytes\r\n\r\n   Device Boot      Start         End      Blocks   id  System\r\n/dev/hda1   *           1          13      104391   83  Linux\r\n/dev/hda2              14        1288    10241437+  83  Linux\r\n/dev/hda3            1289        1925     5116702+  83  Linux\r\n/dev/hda4            1926        5005    24740100    5  Extended\r\n/dev/hda5            1926        2052     1020096   82  Linux swap / Solaris\r\n/dev/hda6            2053        2235     1469916   8e  Linux LVM\r\n/dev/hda7            2236        2418     1469916   8e  Linux LVM\r\n/dev/hda8            2419        2601     1469916   8e  Linux LVM\r\n/dev/hda9            2602        2784     1469916   8e  Linux LVM\r\n```\r\n\r\n检查有无 PV 在系统上，然后将`/dev/hda6`到`/dev/hda9`建立成为PV格式\r\n\r\n```shell\r\n[root@localhost ~]# pvscan\r\nNo matching physical volumes found    #找不到任何的 PV 存在！\r\n```\r\n\r\n将6-9分区转成pv，注意大括号的用途：\r\n\r\n```shell\r\n[root@localhost ~]# pvcreate /dev/hda{6,7,8,9}\r\n  Physical volume \"/dev/hda6\" successfully created\r\n  Physical volume \"/dev/hda7\" successfully created\r\n  Physical volume \"/dev/hda8\" successfully created\r\n  Physical volume \"/dev/hda9\" successfully created\r\n```\r\n\r\n这就分別表示每个 PV 的信息与系统所有 PV 的信息：\r\n\r\n```shell\r\n[root@localhost ~]# pvscan\r\n  PV /dev/hda6         lvm2 [1.40 GB]\r\n  PV /dev/hda7         lvm2 [1.40 GB]\r\n  PV /dev/hda8         lvm2 [1.40 GB]\r\n  PV /dev/hda9         lvm2 [1.40 GB]\r\n  Total: 4 [5.61 GB] / in use: 0 [0   ] / in no VG: 4 [5.61 GB]\r\n```\r\n\r\n更详细的列示出系统上面每个 PV 信息：\r\n\r\n```shell\r\n[root@localhost ~]# pvdisplay\r\n  \"/dev/hda6\" is a new physical volume of \"1.40 GB\"\r\n  --- NEW Physical volume ---\r\n  PV Name               /dev/hda6  #实际的 partition 分区名称\r\n  VG Name                          #因为尚未分配出去，所以空白！\r\n  PV Size               1.40 GB    #就是容量说明\r\n  Allocatable           NO         #是否已被分配，结果是 NO\r\n  PE Size (KByte)       0          #在此 PV 內的 PE 大小\r\n  Total PE              0          #共分割出几个 PE\r\n  free PE               0          #沒被 LV 用掉的 PE\r\n  Allocated PE          0          #尚可分配出去的 PE 数量\r\n  PV UUID               Z13Jk5-RCls-UJ8B-HzDa-Gesn-atku-rf2biN\r\n....(底下省略)....\r\n```\r\n\r\n删除物理卷：\r\n\r\n```shell\r\n[root@localhost ~]# pvremove /dev/sdb2\r\nLabels on physical volume \"/dev/sdb2\" successfully wiped\r\n```\r\n\r\n修改物理卷属性：\r\n\r\n```shell\r\n[root@localhost ~]# pvchange -x n /dev/sdb1    #禁止分配指定物理卷上的PE\r\nPhysical volume \"/dev/sdb1\" changed  \r\n1 physical volume changed / 0 physical volumes not changed \r\n```\r\n\r\n\r\n"}